test_get_result (test_xunfei.TestXFTranscriptor.test_get_result) ... ok
test_select_result (test_aws_pre.TestPrerecorded.test_select_result) ... ok
test_transcription (test_aws_pre.TestPrerecorded.test_transcription) ... ok
test_select_result (test_aws_live.TestLiveStream.test_select_result) ... ok
test_transcription_success (test_aws_live.TestLiveStream.test_transcription_success) ... ok
test_translation (test_openai.TestOpenai.test_translation) ... ok
test_detect_audio (test_record.TestRecord.test_detect_audio) ... ok
test_aws_pre_openai (test_game_translator.TranslatorTest.test_aws_pre_openai) ... ok
test_xunfei_openai (test_game_translator.TranslatorTest.test_xunfei_openai) ... ok

----------------------------------------------------------------------
Ran 9 tests in 34.736s

OK
Name                                                                                            Stmts   Miss  Cover
-------------------------------------------------------------------------------------------------------------------
/Users/arika/Desktop/openai-game-translator/audio/record.py                                        44     10    77%
/Users/arika/Desktop/openai-game-translator/aws_streaming_transcription/live_stream.py             54     22    59%
/Users/arika/Desktop/openai-game-translator/aws_streaming_transcription/prerecorded_stream.py      55     22    60%
/Users/arika/Desktop/openai-game-translator/game_translator.py                                     50     24    52%
/Users/arika/Desktop/openai-game-translator/openai_translation/chat.py                              6      2    67%
/Users/arika/Desktop/openai-game-translator/xunfei_speed_transcription/ost_fast.py                104     32    69%
/Users/arika/Desktop/openai-game-translator/xunfei_speed_transcription/seve_file.py               126     83    34%
-------------------------------------------------------------------------------------------------------------------
TOTAL                                                                                             439    195    56% 
